// Jest Snapshot v1, https://goo.gl/fbAQLP

exports[`matches snapshot 1`] = `
<div
  className="text-center"
>
  <figure
    className="mb-5"
  >
    <img
      alt="Share & Go icon"
      src="ShareGo-icon.svg"
    />
  </figure>
  <form
    className="row col-12 col-md-6 g-4 mb-4 mx-auto"
  >
    <div
      className="col-md-12"
    >
      <input
        className="form-control"
        id="email"
        onChange={[Function]}
        placeholder="Email"
        type="email"
      />
    </div>
    <div
      className="col-md-12"
    >
      <input
        className="form-control"
        id="password"
        onChange={[Function]}
        placeholder="Password"
        type="password"
      />
    </div>
    <div
      className="text-danger text-center"
      role="alert"
    />
  </form>
  <a
    className="btn btn-primary col-6 col-md-3 mx-auto d-block"
    href="/"
    onClick={[Function]}
  >
    Login
  </a>
</div>
`;
